%!Adobe-FontList 1.16
%Locale:0x409

%BeginFont
Handler:DirectoryHandler
FontType:Type1
FontName:Share-Bold
FamilyName:Share-Bold
StyleName:Regular
MenuName:Share-Bold
StyleBits:0
WeightClass:700
WidthClass:5
AngleClass:0
FullName:Share-Bold
WritingScript:Roman
OutlineFileName:\Share-Bold.otf
DataFormat:sfntData
UsesStandardEncoding:yes
isCFF:yes
FileLength:28740
FileModTime:1423764635
NameArray:0,Mac,4,Share-Bold
NameArray:0,Win,1,Share-Bold
%EndFont

%BeginFont
Handler:DirectoryHandler
FontType:Type1
FontName:Share-Regular
FamilyName:Share-Regular
StyleName:Regular
MenuName:Share-Regular
StyleBits:0
WeightClass:400
WidthClass:5
AngleClass:0
FullName:Share-Regular
WritingScript:Roman
OutlineFileName:\Share-Regular.otf
DataFormat:sfntData
UsesStandardEncoding:yes
isCFF:yes
FileLength:28096
FileModTime:1423764637
NameArray:0,Mac,4,Share-Regular
NameArray:0,Win,1,Share-Regular
%EndFont

%BeginFont
Handler:DirectoryHandler
FontType:Type1
FontName:SourceSansPro-Bold
FamilyName:Source Sans Pro
StyleName:Bold
MenuName:Source Sans Pro
StyleBits:2
WeightClass:700
WidthClass:5
AngleClass:0
FullName:Source Sans Pro Bold
WritingScript:Roman
OutlineFileName:\SourceSansPro-Bold.otf
DataFormat:sfntData
UsesStandardEncoding:yes
isCFF:yes
FileLength:129212
FileModTime:1423764640
DesignSize:100
NameArray:0,Mac,4,Source Sans Pro Bold
NameArray:0,Win,1,Source Sans Pro
%EndFont

%BeginFont
Handler:DirectoryHandler
FontType:Type1
FontName:SourceSansPro-Light
FamilyName:Source Sans Pro
StyleName:Light
MenuName:Source Sans Pro Light
StyleBits:0
WeightClass:300
WidthClass:5
AngleClass:0
FullName:Source Sans Pro Light
WritingScript:Roman
OutlineFileName:\SourceSansPro-Light.otf
DataFormat:sfntData
UsesStandardEncoding:yes
isCFF:yes
FileLength:124476
FileModTime:1423764645
DesignSize:100
NameArray:0,Mac,4,Source Sans Pro Light
NameArray:0,Win,1,Source Sans Pro Light
NameArray:0,Win,16,Source Sans Pro
%EndFont

